' Test for 3-say_my_name'

>>> say_my_name = __import__('3-say_my_name').say_my_name

# Two Str
>>> say_my_name("John", "Smith")
My name is John Smith

# First Name Str Last Name Int
>>> say_my_name("John", 1)
Traceback (most recent call last):
...
TypeError: last_name must be a string

# First Name Int and Last Name Str
>>> say_my_name(1, "Smith")
Traceback (most recent call last):
...
TypeError: first_name must be a string

# Missing arguments
>>> say_my_name()
Traceback (most recent call last):
...
TypeError: say_my_name() missing 1 required positional argument: 'first_name'