'Test for 4-print-square'

print_square = __import__('4-print_square').print_square

# Regular Test
>>> print_square(4)
####
####
####
####

# Test but no square
>>> print_square(0)

# Test with String
>>> print_square("Hello")
Traceback (most recent call last):
...
TypeError: size must be an integer

# Test with Negative
>>> print_square(-6)
Traceback (most recent call last):
...
ValueError: size must be >= 0

# Test with float
>>> print_square(4.4)
####
####
####
####