>>> BaseGeometry = __import__('7-base_geometry').BaseGeometry

>>> bg = BaseGeometry()
>>> bg.integer_validator("age", 21)
>>> bg.integer_validator("number", -10)
Traceback (most recent call last):
...
ValueError: number must be greater than 0

>>> bg.integer_validator("length", 0)
Traceback (most recent call last):
...
ValueError: length must be greater than 0

>>> bg.integer_validator("width", "12")
Traceback (most recent call last):
...
TypeError: width must be an integer

>>> bg.integer_validator("size", 1.5)
Traceback (most recent call last):
...
TypeError: size must be an integer

>>> bg.integer_validator(123, 45)
Traceback (most recent call last):
...
TypeError: Name must be a string