>>> BaseGeometry = __import__('7-base_geometry').BaseGeometry

>>> bg = BaseGeometry()
>>> bg.integer_validator("age", 21)

>>> bg.integer_validator("number", -10)
Traceback (most recent call last):
...
ValueError: number must be greater than 0

>>> bg.integer_validator("length", "12")
Traceback (most recent call last):
...
TypeError: length must be an integer

>>> bg.integer_validator("size", 1.5)
Traceback (most recent call last):
...
TypeError: size must be an integer